// Jest Snapshot v1, https://goo.gl/fbAQLP

exports[`Article Block matches snapshot 1`] = `
Object {
  "asFragment": [Function],
  "baseElement": <body>
    <div>
      <div>
        <img
          alt="article thumnail"
          src="https://cdn-media-1.freecodecamp.org/images/1*y6C4nSvy2Woe0m7bWEn4BA.png"
        />
        <h2>
          Lorem ipsum dolor sit amet consectetur adipisicing elit. Nostrum, quas.
        </h2>
      </div>
      <p>
        Lorem ipsum, dolor sit amet consectetur adipisicing elit. Modi, tempora natus repudiandae eum possimus asperiores eligendi expedita quas quaerat sapiente magnam labore autem aspernatur impedit in cum veritatis ipsum? Explicabo tempora in sed iure minima minus, aspernatur beatae quaerat quis quam labore optio, quibusdam blanditiis maiores molestiae fugiat rem? Id beatae optio consectetur sed, aliquam explicabo maiores error nobis consequatur facere commodi laboriosam temporibus incidunt odio magnam cupiditate quia veritatis dolorum possimus? Autem voluptates enim quae obcaecati doloremque et esse, tempora ea facere, at incidunt omnis nostrum velit possimus ipsum animi architecto sapiente veniam vitae? Consequatur excepturi repudiandae sapiente! Quod.
      </p>
    </div>
  </body>,
  "container": <div>
    <div>
      <img
        alt="article thumnail"
        src="https://cdn-media-1.freecodecamp.org/images/1*y6C4nSvy2Woe0m7bWEn4BA.png"
      />
      <h2>
        Lorem ipsum dolor sit amet consectetur adipisicing elit. Nostrum, quas.
      </h2>
    </div>
    <p>
      Lorem ipsum, dolor sit amet consectetur adipisicing elit. Modi, tempora natus repudiandae eum possimus asperiores eligendi expedita quas quaerat sapiente magnam labore autem aspernatur impedit in cum veritatis ipsum? Explicabo tempora in sed iure minima minus, aspernatur beatae quaerat quis quam labore optio, quibusdam blanditiis maiores molestiae fugiat rem? Id beatae optio consectetur sed, aliquam explicabo maiores error nobis consequatur facere commodi laboriosam temporibus incidunt odio magnam cupiditate quia veritatis dolorum possimus? Autem voluptates enim quae obcaecati doloremque et esse, tempora ea facere, at incidunt omnis nostrum velit possimus ipsum animi architecto sapiente veniam vitae? Consequatur excepturi repudiandae sapiente! Quod.
    </p>
  </div>,
  "debug": [Function],
  "findAllByAltText": [Function],
  "findAllByDisplayValue": [Function],
  "findAllByLabelText": [Function],
  "findAllByPlaceholderText": [Function],
  "findAllByRole": [Function],
  "findAllByTestId": [Function],
  "findAllByText": [Function],
  "findAllByTitle": [Function],
  "findByAltText": [Function],
  "findByDisplayValue": [Function],
  "findByLabelText": [Function],
  "findByPlaceholderText": [Function],
  "findByRole": [Function],
  "findByTestId": [Function],
  "findByText": [Function],
  "findByTitle": [Function],
  "getAllByAltText": [Function],
  "getAllByDisplayValue": [Function],
  "getAllByLabelText": [Function],
  "getAllByPlaceholderText": [Function],
  "getAllByRole": [Function],
  "getAllByTestId": [Function],
  "getAllByText": [Function],
  "getAllByTitle": [Function],
  "getByAltText": [Function],
  "getByDisplayValue": [Function],
  "getByLabelText": [Function],
  "getByPlaceholderText": [Function],
  "getByRole": [Function],
  "getByTestId": [Function],
  "getByText": [Function],
  "getByTitle": [Function],
  "queryAllByAltText": [Function],
  "queryAllByDisplayValue": [Function],
  "queryAllByLabelText": [Function],
  "queryAllByPlaceholderText": [Function],
  "queryAllByRole": [Function],
  "queryAllByTestId": [Function],
  "queryAllByText": [Function],
  "queryAllByTitle": [Function],
  "queryByAltText": [Function],
  "queryByDisplayValue": [Function],
  "queryByLabelText": [Function],
  "queryByPlaceholderText": [Function],
  "queryByRole": [Function],
  "queryByTestId": [Function],
  "queryByText": [Function],
  "queryByTitle": [Function],
  "rerender": [Function],
  "unmount": [Function],
}
`;
